simple sequence 3:10 = [3, 4, 5, 6, 7, 8, 9, 10]
simple sequence 4:4  = [4]
simple sequence -1:1 = [-1, 0, 1]
too clever by half sequence 3:10 = [3, 4, 5, 6, 7, 8, 9, 10]
too clever by half sequence 4:4  = [4]
too clever by half sequence -1:1 = [-1, 0, 1]
after interval 1 -> [1, 1, 1, 1, 1, 1, 1, 1, 1, 1, 1, 1, 1]
after interval 2 -> [1, 2, 1, 2, 1, 2, 1, 2, 1, 2, 1, 2, 1]
after interval 3 -> [1, 2, 3, 2, 1, 6, 1, 2, 3, 2, 1, 6, 1]
after interval 4 -> [1, 2, 3, 8, 1, 6, 1, 8, 3, 2, 1, 24, 1]
after interval 5 -> [1, 2, 3, 8, 5, 6, 1, 8, 3, 10, 1, 24, 1]
after interval 6 -> [1, 2, 3, 8, 5, 36, 1, 8, 3, 10, 1, 144, 1]
after interval 7 -> [1, 2, 3, 8, 5, 36, 7, 8, 3, 10, 1, 144, 1]
after interval 8 -> [1, 2, 3, 8, 5, 36, 7, 64, 3, 10, 1, 144, 1]
after interval 9 -> [1, 2, 3, 8, 5, 36, 7, 64, 27, 10, 1, 144, 1]
after interval 10 -> [1, 2, 3, 8, 5, 36, 7, 64, 27, 100, 1, 144, 1]
after interval 11 -> [1, 2, 3, 8, 5, 36, 7, 64, 27, 100, 11, 144, 1]
after interval 12 -> [1, 2, 3, 8, 5, 36, 7, 64, 27, 100, 11, 1728, 1]
after interval 13 -> [1, 2, 3, 8, 5, 36, 7, 64, 27, 100, 11, 1728, 13]
primes from 1:13 = [1, 2, 3, 5, 7, 11, 13]
