arr[0]: 1 
arr[1]: 2 
arr[2]: 4 
arr[3]: 8 
arr[4]: 16 
arr[5]: 32 
arr[6]: 64 
arr[7]: 128 
arr[8]: 256 
arr[9]: 512 
