object(..=object(..=object(value=0)))
[!0]
42
[!42]
[!43]
[!43]
[!56]
object(..=object(..=object(value=43))) == 13 => true
object(..=object(..=object(value=43))) != 13 => false
