1
2
3 fizz
4
5 buzz
6 fizz
7
8
9 fizz
10 buzz
11
12 fizz
13
14
15 fizz buzz
16 not considered
