object(a=3, b=2, c=1)
obj.a=3
obj.b=2
obj.c=1
obj.a=42
obj.b=13
obj.c=666
obj.a=42
obj.b=13
obj.c=666
