1.add(-2) => -1
1.sub(-2) => 3
1.mul(-2) => -2
1.div(-2) => 0
1.mod(%) -2 => 1
1.le(-2) => false
1.lt(-2) => false
1.ge(-2) => true
1.gt(-2) => true
1.eq(-2) => false
1.neq(-2) => true
1.eq(null) => false
1.neq(null) => false
1.eq(true) => false
1.neq(true) => false
1.eq(object()) => false
1.neq(object()) => true
1.eq([1]) => false
1.neq([1]) => true
true.and(false) => false
true.or(false) => true
true.eq(false) => false
true.neq(false) => true
true.eq(-2) => false
true.neq(-2) => true
true.eq(null) => false
true.neq(null) => false
true.eq(object()) => false
true.neq(object()) => true
true.eq([true]) => false
true.neq([true]) => true
null.eq(-2) => false
null.neq(-2) => true
null.eq(null) => true
null.neq(null) => true
null.eq(object()) => false
null.neq(object()) => true
null.eq([null]) => false
null.neq([null]) => true
