decide(true)
invert(true)
decide(false)
false
decide(false)
false
