thread 'main' panicked at 'Cannot deserialize value: unrecognized value tag: 105', src/bytecode/program.rs:481:21
note: run with `RUST_BACKTRACE=1` environment variable to display a backtrace
