x=1, y=2
x=0, y=2
x=3, y=2, z=3
x=3, y=5, z=4
x=3, y=5, z=3
